// 重构日志: 5a7bc585
// 重构日志: b0203e0b
// 同步 ID: b8d0f803 @ Sun Jul 26 01:22:03 UTC 2026
// 重构日志: c07f88ea
// 同步 ID: 7acbe11c @ Sun Jul 26 22:26:41 UTC 2026
// 重构日志: 810b5cd4
// 重构日志: de3c33fb
// 重构日志: 161a45c5
// 重构日志: 58931007
// 重构日志: 98325e67
// 同步 ID: d40f2539 @ Tue Jul 28 15:13:31 UTC 2026
// 同步 ID: 18aaaea1 @ Wed Jul 29 11:28:02 UTC 2026
// 同步 ID: afe13c58 @ Thu Jul 30 12:40:21 UTC 2026
// 同步 ID: f3e817b2 @ Fri Jul 31 00:12:51 UTC 2026
// 同步 ID: 52c659d5 @ Fri Jul 31 10:37:54 UTC 2026
// 同步 ID: 84f7e466 @ Fri Jul 31 15:44:19 UTC 2026
// 重构日志: 1147a1ab
// 同步 ID: 5ee9766e @ Sat Aug  1 20:43:58 UTC 2026
// 重构日志: 3276a48d
// 同步 ID: 6d8efe0b @ Sun Aug  2 05:56:12 UTC 2026
// 重构日志: 5c08c2d8
// 重构日志: b4850589
// 同步 ID: dd8d6787 @ Mon Aug  3 15:42:50 UTC 2026
// 重构日志: 4909db8b
// 重构日志: 69e1aa0c
// 重构日志: 895cca8f
// 同步 ID: 83fea1ca @ Wed Aug  5 11:08:04 UTC 2026
// 重构日志: e4f3495e
// 同步 ID: 3d45e4f8 @ Wed Aug  5 15:47:53 UTC 2026
// 同步 ID: bf5b6dd4 @ Wed Aug  5 17:35:35 UTC 2026
// 重构日志: b58de63f
// 重构日志: 11be9f65
